[2026-01-08T06:35:45.884+0000] {taskinstance.py:1956} INFO - Dependencies all met for dep_context=non-requeueable deps ti=<TaskInstance: csv_to_postgres_ingestion.create_table_if_not_exists scheduled__2026-01-07T00:00:00+00:00 [queued]>
[2026-01-08T06:35:45.901+0000] {taskinstance.py:1956} INFO - Dependencies all met for dep_context=requeueable deps ti=<TaskInstance: csv_to_postgres_ingestion.create_table_if_not_exists scheduled__2026-01-07T00:00:00+00:00 [queued]>
[2026-01-08T06:35:45.903+0000] {taskinstance.py:2170} INFO - Starting attempt 1 of 1
[2026-01-08T06:35:46.013+0000] {taskinstance.py:2191} INFO - Executing <Task(PythonOperator): create_table_if_not_exists> on 2026-01-07 00:00:00+00:00
[2026-01-08T06:35:46.042+0000] {standard_task_runner.py:60} INFO - Started process 391 to run task
[2026-01-08T06:35:46.056+0000] {standard_task_runner.py:87} INFO - Running: ['***', 'tasks', 'run', 'csv_to_postgres_ingestion', 'create_table_if_not_exists', 'scheduled__2026-01-07T00:00:00+00:00', '--job-id', '4', '--raw', '--subdir', 'DAGS_FOLDER/dag1_csv_to_postgres.py', '--cfg-path', '/tmp/tmpwxwqjpwe']
[2026-01-08T06:35:46.065+0000] {standard_task_runner.py:88} INFO - Job 4: Subtask create_table_if_not_exists
[2026-01-08T06:35:46.244+0000] {task_command.py:423} INFO - Running <TaskInstance: csv_to_postgres_ingestion.create_table_if_not_exists scheduled__2026-01-07T00:00:00+00:00 [running]> on host 1cd9f2a55de4
[2026-01-08T06:35:47.028+0000] {taskinstance.py:2480} INFO - Exporting env vars: AIRFLOW_CTX_DAG_OWNER='***' AIRFLOW_CTX_DAG_ID='csv_to_postgres_ingestion' AIRFLOW_CTX_TASK_ID='create_table_if_not_exists' AIRFLOW_CTX_EXECUTION_DATE='2026-01-07T00:00:00+00:00' AIRFLOW_CTX_TRY_NUMBER='1' AIRFLOW_CTX_DAG_RUN_ID='scheduled__2026-01-07T00:00:00+00:00'
[2026-01-08T06:35:47.067+0000] {base.py:83} INFO - Using connection ID 'postgres_default' for task execution.
[2026-01-08T06:35:47.082+0000] {taskinstance.py:2698} ERROR - Task failed with exception
Traceback (most recent call last):
  File "/home/airflow/.local/lib/python3.8/site-packages/airflow/models/taskinstance.py", line 433, in _execute_task
    result = execute_callable(context=context, **execute_callable_kwargs)
  File "/home/airflow/.local/lib/python3.8/site-packages/airflow/operators/python.py", line 199, in execute
    return_value = self.execute_callable()
  File "/home/airflow/.local/lib/python3.8/site-packages/airflow/operators/python.py", line 216, in execute_callable
    return self.python_callable(*self.op_args, **self.op_kwargs)
  File "/opt/airflow/dags/dag1_csv_to_postgres.py", line 20, in create_employee_table
    hook.run(sql)
  File "/home/airflow/.local/lib/python3.8/site-packages/airflow/providers/common/sql/hooks/sql.py", line 391, in run
    with closing(self.get_conn()) as conn:
  File "/home/airflow/.local/lib/python3.8/site-packages/airflow/providers/postgres/hooks/postgres.py", line 158, in get_conn
    self.conn = psycopg2.connect(**conn_args)
  File "/home/airflow/.local/lib/python3.8/site-packages/psycopg2/__init__.py", line 122, in connect
    conn = _connect(dsn, connection_factory=connection_factory, **kwasync)
psycopg2.OperationalError: connection to server at "postgres" (172.19.0.2), port 5432 failed: FATAL:  password authentication failed for user "postgres"

[2026-01-08T06:35:47.140+0000] {taskinstance.py:1138} INFO - Marking task as FAILED. dag_id=csv_to_postgres_ingestion, task_id=create_table_if_not_exists, execution_date=20260107T000000, start_date=20260108T063545, end_date=20260108T063547
[2026-01-08T06:35:47.176+0000] {standard_task_runner.py:107} ERROR - Failed to execute job 4 for task create_table_if_not_exists (connection to server at "postgres" (172.19.0.2), port 5432 failed: FATAL:  password authentication failed for user "postgres"
; 391)
[2026-01-08T06:35:47.236+0000] {local_task_job_runner.py:234} INFO - Task exited with return code 1
[2026-01-08T06:35:47.293+0000] {taskinstance.py:3280} INFO - 0 downstream tasks scheduled from follow-on schedule check
[2026-01-08T17:44:12.437+0000] {taskinstance.py:1956} INFO - Dependencies all met for dep_context=non-requeueable deps ti=<TaskInstance: csv_to_postgres_ingestion.create_table_if_not_exists scheduled__2026-01-07T00:00:00+00:00 [queued]>
[2026-01-08T17:44:12.480+0000] {taskinstance.py:1956} INFO - Dependencies all met for dep_context=requeueable deps ti=<TaskInstance: csv_to_postgres_ingestion.create_table_if_not_exists scheduled__2026-01-07T00:00:00+00:00 [queued]>
[2026-01-08T17:44:12.483+0000] {taskinstance.py:2170} INFO - Starting attempt 1 of 1
[2026-01-08T17:44:12.552+0000] {taskinstance.py:2191} INFO - Executing <Task(PythonOperator): create_table_if_not_exists> on 2026-01-07 00:00:00+00:00
[2026-01-08T17:44:12.588+0000] {standard_task_runner.py:60} INFO - Started process 199 to run task
[2026-01-08T17:44:12.614+0000] {standard_task_runner.py:87} INFO - Running: ['***', 'tasks', 'run', 'csv_to_postgres_ingestion', 'create_table_if_not_exists', 'scheduled__2026-01-07T00:00:00+00:00', '--job-id', '3', '--raw', '--subdir', 'DAGS_FOLDER/dag1_csv_to_postgres.py', '--cfg-path', '/tmp/tmp9gk028ve']
[2026-01-08T17:44:12.631+0000] {standard_task_runner.py:88} INFO - Job 3: Subtask create_table_if_not_exists
[2026-01-08T17:44:12.918+0000] {task_command.py:423} INFO - Running <TaskInstance: csv_to_postgres_ingestion.create_table_if_not_exists scheduled__2026-01-07T00:00:00+00:00 [running]> on host 5da8d1539d59
[2026-01-08T17:44:13.735+0000] {taskinstance.py:2480} INFO - Exporting env vars: AIRFLOW_CTX_DAG_OWNER='***' AIRFLOW_CTX_DAG_ID='csv_to_postgres_ingestion' AIRFLOW_CTX_TASK_ID='create_table_if_not_exists' AIRFLOW_CTX_EXECUTION_DATE='2026-01-07T00:00:00+00:00' AIRFLOW_CTX_TRY_NUMBER='1' AIRFLOW_CTX_DAG_RUN_ID='scheduled__2026-01-07T00:00:00+00:00'
[2026-01-08T17:44:13.757+0000] {crypto.py:82} WARNING - empty cryptography key - values will not be stored encrypted.
[2026-01-08T17:44:13.761+0000] {base.py:83} INFO - Using connection ID 'postgres_default' for task execution.
[2026-01-08T17:44:13.789+0000] {sql.py:450} INFO - Running statement: 
    CREATE TABLE IF NOT EXISTS raw_employee_data (
        id INTEGER PRIMARY KEY,
        name VARCHAR(255),
        age INTEGER,
        city VARCHAR(100),
        salary FLOAT,
        join_date DATE
    );
    , parameters: None
[2026-01-08T17:44:13.823+0000] {python.py:201} INFO - Done. Returned value was: None
[2026-01-08T17:44:13.871+0000] {taskinstance.py:1138} INFO - Marking task as SUCCESS. dag_id=csv_to_postgres_ingestion, task_id=create_table_if_not_exists, execution_date=20260107T000000, start_date=20260108T174412, end_date=20260108T174413
[2026-01-08T17:44:13.969+0000] {local_task_job_runner.py:234} INFO - Task exited with return code 0
[2026-01-08T17:44:14.076+0000] {taskinstance.py:3280} INFO - 1 downstream tasks scheduled from follow-on schedule check
