[2026-01-08T17:44:20.807+0000] {taskinstance.py:1956} INFO - Dependencies all met for dep_context=non-requeueable deps ti=<TaskInstance: csv_to_postgres_ingestion.load_csv_to_postgres scheduled__2026-01-07T00:00:00+00:00 [queued]>
[2026-01-08T17:44:20.832+0000] {taskinstance.py:1956} INFO - Dependencies all met for dep_context=requeueable deps ti=<TaskInstance: csv_to_postgres_ingestion.load_csv_to_postgres scheduled__2026-01-07T00:00:00+00:00 [queued]>
[2026-01-08T17:44:20.834+0000] {taskinstance.py:2170} INFO - Starting attempt 1 of 1
[2026-01-08T17:44:20.923+0000] {taskinstance.py:2191} INFO - Executing <Task(PythonOperator): load_csv_to_postgres> on 2026-01-07 00:00:00+00:00
[2026-01-08T17:44:20.951+0000] {standard_task_runner.py:60} INFO - Started process 205 to run task
[2026-01-08T17:44:20.975+0000] {standard_task_runner.py:87} INFO - Running: ['***', 'tasks', 'run', 'csv_to_postgres_ingestion', 'load_csv_to_postgres', 'scheduled__2026-01-07T00:00:00+00:00', '--job-id', '5', '--raw', '--subdir', 'DAGS_FOLDER/dag1_csv_to_postgres.py', '--cfg-path', '/tmp/tmpityoung4']
[2026-01-08T17:44:20.994+0000] {standard_task_runner.py:88} INFO - Job 5: Subtask load_csv_to_postgres
[2026-01-08T17:44:21.503+0000] {task_command.py:423} INFO - Running <TaskInstance: csv_to_postgres_ingestion.load_csv_to_postgres scheduled__2026-01-07T00:00:00+00:00 [running]> on host 5da8d1539d59
[2026-01-08T17:44:22.715+0000] {taskinstance.py:2480} INFO - Exporting env vars: AIRFLOW_CTX_DAG_OWNER='***' AIRFLOW_CTX_DAG_ID='csv_to_postgres_ingestion' AIRFLOW_CTX_TASK_ID='load_csv_to_postgres' AIRFLOW_CTX_EXECUTION_DATE='2026-01-07T00:00:00+00:00' AIRFLOW_CTX_TRY_NUMBER='1' AIRFLOW_CTX_DAG_RUN_ID='scheduled__2026-01-07T00:00:00+00:00'
[2026-01-08T17:44:22.733+0000] {taskinstance.py:2698} ERROR - Task failed with exception
Traceback (most recent call last):
  File "/home/airflow/.local/lib/python3.8/site-packages/airflow/models/taskinstance.py", line 433, in _execute_task
    result = execute_callable(context=context, **execute_callable_kwargs)
  File "/home/airflow/.local/lib/python3.8/site-packages/airflow/operators/python.py", line 199, in execute
    return_value = self.execute_callable()
  File "/home/airflow/.local/lib/python3.8/site-packages/airflow/operators/python.py", line 216, in execute_callable
    return self.python_callable(*self.op_args, **self.op_kwargs)
  File "/opt/airflow/dags/dag1_csv_to_postgres.py", line 30, in load_csv_data
    df = pd.read_csv(csv_path)
  File "/home/airflow/.local/lib/python3.8/site-packages/pandas/io/parsers/readers.py", line 912, in read_csv
    return _read(filepath_or_buffer, kwds)
  File "/home/airflow/.local/lib/python3.8/site-packages/pandas/io/parsers/readers.py", line 577, in _read
    parser = TextFileReader(filepath_or_buffer, **kwds)
  File "/home/airflow/.local/lib/python3.8/site-packages/pandas/io/parsers/readers.py", line 1407, in __init__
    self._engine = self._make_engine(f, self.engine)
  File "/home/airflow/.local/lib/python3.8/site-packages/pandas/io/parsers/readers.py", line 1661, in _make_engine
    self.handles = get_handle(
  File "/home/airflow/.local/lib/python3.8/site-packages/pandas/io/common.py", line 859, in get_handle
    handle = open(
FileNotFoundError: [Errno 2] No such file or directory: '/opt/airflow/data/input.csv'
[2026-01-08T17:44:22.806+0000] {taskinstance.py:1138} INFO - Marking task as FAILED. dag_id=csv_to_postgres_ingestion, task_id=load_csv_to_postgres, execution_date=20260107T000000, start_date=20260108T174420, end_date=20260108T174422
[2026-01-08T17:44:22.940+0000] {standard_task_runner.py:107} ERROR - Failed to execute job 5 for task load_csv_to_postgres ([Errno 2] No such file or directory: '/opt/airflow/data/input.csv'; 205)
[2026-01-08T17:44:23.055+0000] {local_task_job_runner.py:234} INFO - Task exited with return code 1
[2026-01-08T17:44:23.140+0000] {taskinstance.py:3280} INFO - 0 downstream tasks scheduled from follow-on schedule check
