[2026-01-08T16:48:14.384+0000] {taskinstance.py:1956} INFO - Dependencies all met for dep_context=non-requeueable deps ti=<TaskInstance: csv_to_postgres_ingestion.create_table_if_not_exists manual__2026-01-08T16:48:10.651244+00:00 [queued]>
[2026-01-08T16:48:14.423+0000] {taskinstance.py:1956} INFO - Dependencies all met for dep_context=requeueable deps ti=<TaskInstance: csv_to_postgres_ingestion.create_table_if_not_exists manual__2026-01-08T16:48:10.651244+00:00 [queued]>
[2026-01-08T16:48:14.425+0000] {taskinstance.py:2170} INFO - Starting attempt 1 of 1
[2026-01-08T16:48:14.466+0000] {taskinstance.py:2191} INFO - Executing <Task(PythonOperator): create_table_if_not_exists> on 2026-01-08 16:48:10.651244+00:00
[2026-01-08T16:48:14.485+0000] {standard_task_runner.py:60} INFO - Started process 970 to run task
[2026-01-08T16:48:14.498+0000] {standard_task_runner.py:87} INFO - Running: ['***', 'tasks', 'run', 'csv_to_postgres_ingestion', 'create_table_if_not_exists', 'manual__2026-01-08T16:48:10.651244+00:00', '--job-id', '5', '--raw', '--subdir', 'DAGS_FOLDER/dag1_csv_to_postgres.py', '--cfg-path', '/tmp/tmpyyii4v_0']
[2026-01-08T16:48:14.509+0000] {standard_task_runner.py:88} INFO - Job 5: Subtask create_table_if_not_exists
[2026-01-08T16:48:14.719+0000] {task_command.py:423} INFO - Running <TaskInstance: csv_to_postgres_ingestion.create_table_if_not_exists manual__2026-01-08T16:48:10.651244+00:00 [running]> on host 1cd9f2a55de4
[2026-01-08T16:48:15.938+0000] {taskinstance.py:2480} INFO - Exporting env vars: AIRFLOW_CTX_DAG_OWNER='***' AIRFLOW_CTX_DAG_ID='csv_to_postgres_ingestion' AIRFLOW_CTX_TASK_ID='create_table_if_not_exists' AIRFLOW_CTX_EXECUTION_DATE='2026-01-08T16:48:10.651244+00:00' AIRFLOW_CTX_TRY_NUMBER='1' AIRFLOW_CTX_DAG_RUN_ID='manual__2026-01-08T16:48:10.651244+00:00'
[2026-01-08T16:48:15.965+0000] {base.py:83} INFO - Using connection ID 'postgres_default' for task execution.
[2026-01-08T16:48:15.980+0000] {taskinstance.py:2698} ERROR - Task failed with exception
Traceback (most recent call last):
  File "/home/airflow/.local/lib/python3.8/site-packages/airflow/models/taskinstance.py", line 433, in _execute_task
    result = execute_callable(context=context, **execute_callable_kwargs)
  File "/home/airflow/.local/lib/python3.8/site-packages/airflow/operators/python.py", line 199, in execute
    return_value = self.execute_callable()
  File "/home/airflow/.local/lib/python3.8/site-packages/airflow/operators/python.py", line 216, in execute_callable
    return self.python_callable(*self.op_args, **self.op_kwargs)
  File "/opt/airflow/dags/dag1_csv_to_postgres.py", line 20, in create_employee_table
    hook.run(sql)
  File "/home/airflow/.local/lib/python3.8/site-packages/airflow/providers/common/sql/hooks/sql.py", line 391, in run
    with closing(self.get_conn()) as conn:
  File "/home/airflow/.local/lib/python3.8/site-packages/airflow/providers/postgres/hooks/postgres.py", line 158, in get_conn
    self.conn = psycopg2.connect(**conn_args)
  File "/home/airflow/.local/lib/python3.8/site-packages/psycopg2/__init__.py", line 122, in connect
    conn = _connect(dsn, connection_factory=connection_factory, **kwasync)
psycopg2.OperationalError: connection to server at "postgres" (172.19.0.2), port 5432 failed: FATAL:  password authentication failed for user "postgres"

[2026-01-08T16:48:16.015+0000] {taskinstance.py:1138} INFO - Marking task as FAILED. dag_id=csv_to_postgres_ingestion, task_id=create_table_if_not_exists, execution_date=20260108T164810, start_date=20260108T164814, end_date=20260108T164816
[2026-01-08T16:48:16.134+0000] {standard_task_runner.py:107} ERROR - Failed to execute job 5 for task create_table_if_not_exists (connection to server at "postgres" (172.19.0.2), port 5432 failed: FATAL:  password authentication failed for user "postgres"
; 970)
[2026-01-08T16:48:16.245+0000] {local_task_job_runner.py:234} INFO - Task exited with return code 1
[2026-01-08T16:48:16.430+0000] {taskinstance.py:3280} INFO - 0 downstream tasks scheduled from follow-on schedule check
