[2026-01-08T17:44:54.438+0000] {taskinstance.py:1956} INFO - Dependencies all met for dep_context=non-requeueable deps ti=<TaskInstance: csv_to_postgres_ingestion.create_table_if_not_exists manual__2026-01-08T17:44:51.786497+00:00 [queued]>
[2026-01-08T17:44:54.485+0000] {taskinstance.py:1956} INFO - Dependencies all met for dep_context=requeueable deps ti=<TaskInstance: csv_to_postgres_ingestion.create_table_if_not_exists manual__2026-01-08T17:44:51.786497+00:00 [queued]>
[2026-01-08T17:44:54.488+0000] {taskinstance.py:2170} INFO - Starting attempt 1 of 1
[2026-01-08T17:44:54.616+0000] {taskinstance.py:2191} INFO - Executing <Task(PythonOperator): create_table_if_not_exists> on 2026-01-08 17:44:51.786497+00:00
[2026-01-08T17:44:54.650+0000] {standard_task_runner.py:60} INFO - Started process 214 to run task
[2026-01-08T17:44:54.679+0000] {standard_task_runner.py:87} INFO - Running: ['***', 'tasks', 'run', 'csv_to_postgres_ingestion', 'create_table_if_not_exists', 'manual__2026-01-08T17:44:51.786497+00:00', '--job-id', '6', '--raw', '--subdir', 'DAGS_FOLDER/dag1_csv_to_postgres.py', '--cfg-path', '/tmp/tmp_okat0zt']
[2026-01-08T17:44:54.695+0000] {standard_task_runner.py:88} INFO - Job 6: Subtask create_table_if_not_exists
[2026-01-08T17:44:55.116+0000] {task_command.py:423} INFO - Running <TaskInstance: csv_to_postgres_ingestion.create_table_if_not_exists manual__2026-01-08T17:44:51.786497+00:00 [running]> on host 5da8d1539d59
[2026-01-08T17:44:56.284+0000] {taskinstance.py:2480} INFO - Exporting env vars: AIRFLOW_CTX_DAG_OWNER='***' AIRFLOW_CTX_DAG_ID='csv_to_postgres_ingestion' AIRFLOW_CTX_TASK_ID='create_table_if_not_exists' AIRFLOW_CTX_EXECUTION_DATE='2026-01-08T17:44:51.786497+00:00' AIRFLOW_CTX_TRY_NUMBER='1' AIRFLOW_CTX_DAG_RUN_ID='manual__2026-01-08T17:44:51.786497+00:00'
[2026-01-08T17:44:56.299+0000] {crypto.py:82} WARNING - empty cryptography key - values will not be stored encrypted.
[2026-01-08T17:44:56.302+0000] {base.py:83} INFO - Using connection ID 'postgres_default' for task execution.
[2026-01-08T17:44:56.319+0000] {sql.py:450} INFO - Running statement: 
    CREATE TABLE IF NOT EXISTS raw_employee_data (
        id INTEGER PRIMARY KEY,
        name VARCHAR(255),
        age INTEGER,
        city VARCHAR(100),
        salary FLOAT,
        join_date DATE
    );
    , parameters: None
[2026-01-08T17:44:56.325+0000] {python.py:201} INFO - Done. Returned value was: None
[2026-01-08T17:44:56.362+0000] {taskinstance.py:1138} INFO - Marking task as SUCCESS. dag_id=csv_to_postgres_ingestion, task_id=create_table_if_not_exists, execution_date=20260108T174451, start_date=20260108T174454, end_date=20260108T174456
[2026-01-08T17:44:56.480+0000] {local_task_job_runner.py:234} INFO - Task exited with return code 0
[2026-01-08T17:44:56.635+0000] {taskinstance.py:3280} INFO - 1 downstream tasks scheduled from follow-on schedule check
