[2026-01-08T17:45:02.188+0000] {taskinstance.py:1956} INFO - Dependencies all met for dep_context=non-requeueable deps ti=<TaskInstance: csv_to_postgres_ingestion.load_csv_to_postgres manual__2026-01-08T17:44:51.786497+00:00 [queued]>
[2026-01-08T17:45:02.208+0000] {taskinstance.py:1956} INFO - Dependencies all met for dep_context=requeueable deps ti=<TaskInstance: csv_to_postgres_ingestion.load_csv_to_postgres manual__2026-01-08T17:44:51.786497+00:00 [queued]>
[2026-01-08T17:45:02.210+0000] {taskinstance.py:2170} INFO - Starting attempt 1 of 1
[2026-01-08T17:45:02.316+0000] {taskinstance.py:2191} INFO - Executing <Task(PythonOperator): load_csv_to_postgres> on 2026-01-08 17:44:51.786497+00:00
[2026-01-08T17:45:02.350+0000] {standard_task_runner.py:60} INFO - Started process 224 to run task
[2026-01-08T17:45:02.382+0000] {standard_task_runner.py:87} INFO - Running: ['***', 'tasks', 'run', 'csv_to_postgres_ingestion', 'load_csv_to_postgres', 'manual__2026-01-08T17:44:51.786497+00:00', '--job-id', '8', '--raw', '--subdir', 'DAGS_FOLDER/dag1_csv_to_postgres.py', '--cfg-path', '/tmp/tmpwv4o22ra']
[2026-01-08T17:45:02.400+0000] {standard_task_runner.py:88} INFO - Job 8: Subtask load_csv_to_postgres
[2026-01-08T17:45:02.694+0000] {task_command.py:423} INFO - Running <TaskInstance: csv_to_postgres_ingestion.load_csv_to_postgres manual__2026-01-08T17:44:51.786497+00:00 [running]> on host 5da8d1539d59
[2026-01-08T17:45:03.778+0000] {taskinstance.py:2480} INFO - Exporting env vars: AIRFLOW_CTX_DAG_OWNER='***' AIRFLOW_CTX_DAG_ID='csv_to_postgres_ingestion' AIRFLOW_CTX_TASK_ID='load_csv_to_postgres' AIRFLOW_CTX_EXECUTION_DATE='2026-01-08T17:44:51.786497+00:00' AIRFLOW_CTX_TRY_NUMBER='1' AIRFLOW_CTX_DAG_RUN_ID='manual__2026-01-08T17:44:51.786497+00:00'
[2026-01-08T17:45:03.794+0000] {taskinstance.py:2698} ERROR - Task failed with exception
Traceback (most recent call last):
  File "/home/airflow/.local/lib/python3.8/site-packages/airflow/models/taskinstance.py", line 433, in _execute_task
    result = execute_callable(context=context, **execute_callable_kwargs)
  File "/home/airflow/.local/lib/python3.8/site-packages/airflow/operators/python.py", line 199, in execute
    return_value = self.execute_callable()
  File "/home/airflow/.local/lib/python3.8/site-packages/airflow/operators/python.py", line 216, in execute_callable
    return self.python_callable(*self.op_args, **self.op_kwargs)
  File "/opt/airflow/dags/dag1_csv_to_postgres.py", line 30, in load_csv_data
    df = pd.read_csv(csv_path)
  File "/home/airflow/.local/lib/python3.8/site-packages/pandas/io/parsers/readers.py", line 912, in read_csv
    return _read(filepath_or_buffer, kwds)
  File "/home/airflow/.local/lib/python3.8/site-packages/pandas/io/parsers/readers.py", line 577, in _read
    parser = TextFileReader(filepath_or_buffer, **kwds)
  File "/home/airflow/.local/lib/python3.8/site-packages/pandas/io/parsers/readers.py", line 1407, in __init__
    self._engine = self._make_engine(f, self.engine)
  File "/home/airflow/.local/lib/python3.8/site-packages/pandas/io/parsers/readers.py", line 1661, in _make_engine
    self.handles = get_handle(
  File "/home/airflow/.local/lib/python3.8/site-packages/pandas/io/common.py", line 859, in get_handle
    handle = open(
FileNotFoundError: [Errno 2] No such file or directory: '/opt/airflow/data/input.csv'
[2026-01-08T17:45:03.868+0000] {taskinstance.py:1138} INFO - Marking task as FAILED. dag_id=csv_to_postgres_ingestion, task_id=load_csv_to_postgres, execution_date=20260108T174451, start_date=20260108T174502, end_date=20260108T174503
[2026-01-08T17:45:03.990+0000] {standard_task_runner.py:107} ERROR - Failed to execute job 8 for task load_csv_to_postgres ([Errno 2] No such file or directory: '/opt/airflow/data/input.csv'; 224)
[2026-01-08T17:45:04.067+0000] {local_task_job_runner.py:234} INFO - Task exited with return code 1
[2026-01-08T17:45:04.160+0000] {taskinstance.py:3280} INFO - 0 downstream tasks scheduled from follow-on schedule check
