[2026-01-08T18:36:43.898+0000] {taskinstance.py:1956} INFO - Dependencies all met for dep_context=non-requeueable deps ti=<TaskInstance: data_transformation_pipeline.create_transformed_table manual__2026-01-08T18:36:42.206664+00:00 [queued]>
[2026-01-08T18:36:43.912+0000] {taskinstance.py:1956} INFO - Dependencies all met for dep_context=requeueable deps ti=<TaskInstance: data_transformation_pipeline.create_transformed_table manual__2026-01-08T18:36:42.206664+00:00 [queued]>
[2026-01-08T18:36:43.913+0000] {taskinstance.py:2170} INFO - Starting attempt 1 of 1
[2026-01-08T18:36:43.931+0000] {taskinstance.py:2191} INFO - Executing <Task(PythonOperator): create_transformed_table> on 2026-01-08 18:36:42.206664+00:00
[2026-01-08T18:36:43.942+0000] {standard_task_runner.py:60} INFO - Started process 229 to run task
[2026-01-08T18:36:43.947+0000] {standard_task_runner.py:87} INFO - Running: ['***', 'tasks', 'run', 'data_transformation_pipeline', 'create_transformed_table', 'manual__2026-01-08T18:36:42.206664+00:00', '--job-id', '15', '--raw', '--subdir', 'DAGS_FOLDER/dag2_data_transformation.py', '--cfg-path', '/tmp/tmphm2z9n8m']
[2026-01-08T18:36:43.951+0000] {standard_task_runner.py:88} INFO - Job 15: Subtask create_transformed_table
[2026-01-08T18:36:44.048+0000] {task_command.py:423} INFO - Running <TaskInstance: data_transformation_pipeline.create_transformed_table manual__2026-01-08T18:36:42.206664+00:00 [running]> on host 5da8d1539d59
[2026-01-08T18:36:44.442+0000] {taskinstance.py:2480} INFO - Exporting env vars: AIRFLOW_CTX_DAG_OWNER='***' AIRFLOW_CTX_DAG_ID='data_transformation_pipeline' AIRFLOW_CTX_TASK_ID='create_transformed_table' AIRFLOW_CTX_EXECUTION_DATE='2026-01-08T18:36:42.206664+00:00' AIRFLOW_CTX_TRY_NUMBER='1' AIRFLOW_CTX_DAG_RUN_ID='manual__2026-01-08T18:36:42.206664+00:00'
[2026-01-08T18:36:44.446+0000] {crypto.py:82} WARNING - empty cryptography key - values will not be stored encrypted.
[2026-01-08T18:36:44.448+0000] {base.py:83} INFO - Using connection ID 'postgres_default' for task execution.
[2026-01-08T18:36:44.454+0000] {sql.py:450} INFO - Running statement: 
    CREATE TABLE IF NOT EXISTS transformed_employee_data (
        id INTEGER,
        name VARCHAR(255),
        age INTEGER,
        city VARCHAR(100),
        salary FLOAT,
        join_date DATE,
        full_info VARCHAR(500),
        age_group VARCHAR(20),
        salary_category VARCHAR(20),
        year_joined INTEGER
    );
    , parameters: None
[2026-01-08T18:36:44.457+0000] {python.py:201} INFO - Done. Returned value was: None
[2026-01-08T18:36:44.471+0000] {taskinstance.py:1138} INFO - Marking task as SUCCESS. dag_id=data_transformation_pipeline, task_id=create_transformed_table, execution_date=20260108T183642, start_date=20260108T183643, end_date=20260108T183644
[2026-01-08T18:36:44.523+0000] {local_task_job_runner.py:234} INFO - Task exited with return code 0
[2026-01-08T18:36:44.546+0000] {taskinstance.py:3280} INFO - 1 downstream tasks scheduled from follow-on schedule check
