[2026-01-08T19:36:41.395+0000] {processor.py:161} INFO - Started process (PID=938) to work on /opt/airflow/dags/dag4_conditional_workflow.py
[2026-01-08T19:36:41.398+0000] {processor.py:830} INFO - Processing file /opt/airflow/dags/dag4_conditional_workflow.py for tasks to queue
[2026-01-08T19:36:41.401+0000] {logging_mixin.py:188} INFO - [2026-01-08T19:36:41.400+0000] {dagbag.py:538} INFO - Filling up the DagBag from /opt/airflow/dags/dag4_conditional_workflow.py
[2026-01-08T19:36:41.465+0000] {logging_mixin.py:188} WARNING - /home/airflow/.local/lib/python3.8/site-packages/airflow/models/baseoperator.py:437 RemovedInAirflow3Warning: provide_context is deprecated as of 2.0 and is no longer required
[2026-01-08T19:36:41.476+0000] {processor.py:840} INFO - DAG(s) 'conditional_workflow_pipeline' retrieved from /opt/airflow/dags/dag4_conditional_workflow.py
[2026-01-08T19:36:41.638+0000] {logging_mixin.py:188} INFO - [2026-01-08T19:36:41.637+0000] {override.py:1769} INFO - Created Permission View: can delete on DAG:conditional_workflow_pipeline
[2026-01-08T19:36:41.662+0000] {logging_mixin.py:188} INFO - [2026-01-08T19:36:41.661+0000] {override.py:1769} INFO - Created Permission View: can read on DAG:conditional_workflow_pipeline
[2026-01-08T19:36:41.679+0000] {logging_mixin.py:188} INFO - [2026-01-08T19:36:41.678+0000] {override.py:1769} INFO - Created Permission View: can edit on DAG:conditional_workflow_pipeline
[2026-01-08T19:36:41.680+0000] {logging_mixin.py:188} INFO - [2026-01-08T19:36:41.680+0000] {dag.py:3036} INFO - Sync 1 DAGs
[2026-01-08T19:36:41.708+0000] {logging_mixin.py:188} INFO - [2026-01-08T19:36:41.707+0000] {dag.py:3058} INFO - Creating ORM DAG for conditional_workflow_pipeline
[2026-01-08T19:36:41.730+0000] {logging_mixin.py:188} INFO - [2026-01-08T19:36:41.729+0000] {dag.py:3823} INFO - Setting next_dagrun for conditional_workflow_pipeline to 2026-01-07 00:00:00+00:00, run_after=2026-01-08 00:00:00+00:00
[2026-01-08T19:36:41.781+0000] {processor.py:183} INFO - Processing /opt/airflow/dags/dag4_conditional_workflow.py took 0.390 seconds
[2026-01-08T19:36:44.488+0000] {processor.py:161} INFO - Started process (PID=943) to work on /opt/airflow/dags/dag4_conditional_workflow.py
[2026-01-08T19:36:44.490+0000] {processor.py:830} INFO - Processing file /opt/airflow/dags/dag4_conditional_workflow.py for tasks to queue
[2026-01-08T19:36:44.492+0000] {logging_mixin.py:188} INFO - [2026-01-08T19:36:44.491+0000] {dagbag.py:538} INFO - Filling up the DagBag from /opt/airflow/dags/dag4_conditional_workflow.py
[2026-01-08T19:36:44.541+0000] {logging_mixin.py:188} WARNING - /home/airflow/.local/lib/python3.8/site-packages/airflow/models/baseoperator.py:437 RemovedInAirflow3Warning: provide_context is deprecated as of 2.0 and is no longer required
[2026-01-08T19:36:44.551+0000] {processor.py:840} INFO - DAG(s) 'conditional_workflow_pipeline' retrieved from /opt/airflow/dags/dag4_conditional_workflow.py
[2026-01-08T19:36:44.572+0000] {logging_mixin.py:188} INFO - [2026-01-08T19:36:44.571+0000] {dag.py:3036} INFO - Sync 1 DAGs
[2026-01-08T19:36:44.689+0000] {logging_mixin.py:188} INFO - [2026-01-08T19:36:44.689+0000] {dag.py:3823} INFO - Setting next_dagrun for conditional_workflow_pipeline to 2026-01-07 00:00:00+00:00, run_after=2026-01-08 00:00:00+00:00
[2026-01-08T19:36:44.819+0000] {processor.py:183} INFO - Processing /opt/airflow/dags/dag4_conditional_workflow.py took 0.334 seconds
[2026-01-08T19:36:47.584+0000] {processor.py:161} INFO - Started process (PID=948) to work on /opt/airflow/dags/dag4_conditional_workflow.py
[2026-01-08T19:36:47.586+0000] {processor.py:830} INFO - Processing file /opt/airflow/dags/dag4_conditional_workflow.py for tasks to queue
[2026-01-08T19:36:47.587+0000] {logging_mixin.py:188} INFO - [2026-01-08T19:36:47.587+0000] {dagbag.py:538} INFO - Filling up the DagBag from /opt/airflow/dags/dag4_conditional_workflow.py
[2026-01-08T19:36:47.637+0000] {logging_mixin.py:188} WARNING - /home/airflow/.local/lib/python3.8/site-packages/airflow/models/baseoperator.py:437 RemovedInAirflow3Warning: provide_context is deprecated as of 2.0 and is no longer required
[2026-01-08T19:36:47.646+0000] {processor.py:840} INFO - DAG(s) 'conditional_workflow_pipeline' retrieved from /opt/airflow/dags/dag4_conditional_workflow.py
[2026-01-08T19:36:47.666+0000] {logging_mixin.py:188} INFO - [2026-01-08T19:36:47.666+0000] {dag.py:3036} INFO - Sync 1 DAGs
[2026-01-08T19:36:47.703+0000] {logging_mixin.py:188} INFO - [2026-01-08T19:36:47.702+0000] {dag.py:3823} INFO - Setting next_dagrun for conditional_workflow_pipeline to 2026-01-07 00:00:00+00:00, run_after=2026-01-08 00:00:00+00:00
[2026-01-08T19:36:47.737+0000] {processor.py:183} INFO - Processing /opt/airflow/dags/dag4_conditional_workflow.py took 0.159 seconds
[2026-01-08T19:37:18.350+0000] {processor.py:161} INFO - Started process (PID=975) to work on /opt/airflow/dags/dag4_conditional_workflow.py
[2026-01-08T19:37:18.352+0000] {processor.py:830} INFO - Processing file /opt/airflow/dags/dag4_conditional_workflow.py for tasks to queue
[2026-01-08T19:37:18.354+0000] {logging_mixin.py:188} INFO - [2026-01-08T19:37:18.353+0000] {dagbag.py:538} INFO - Filling up the DagBag from /opt/airflow/dags/dag4_conditional_workflow.py
[2026-01-08T19:37:18.392+0000] {logging_mixin.py:188} WARNING - /home/airflow/.local/lib/python3.8/site-packages/airflow/models/baseoperator.py:437 RemovedInAirflow3Warning: provide_context is deprecated as of 2.0 and is no longer required
[2026-01-08T19:37:18.406+0000] {processor.py:840} INFO - DAG(s) 'conditional_workflow_pipeline' retrieved from /opt/airflow/dags/dag4_conditional_workflow.py
[2026-01-08T19:37:18.464+0000] {logging_mixin.py:188} INFO - [2026-01-08T19:37:18.464+0000] {dag.py:3036} INFO - Sync 1 DAGs
[2026-01-08T19:37:18.497+0000] {logging_mixin.py:188} INFO - [2026-01-08T19:37:18.496+0000] {dag.py:3823} INFO - Setting next_dagrun for conditional_workflow_pipeline to 2026-01-08 00:00:00+00:00, run_after=2026-01-09 00:00:00+00:00
[2026-01-08T19:37:18.521+0000] {processor.py:183} INFO - Processing /opt/airflow/dags/dag4_conditional_workflow.py took 0.176 seconds
[2026-01-08T19:37:49.054+0000] {processor.py:161} INFO - Started process (PID=998) to work on /opt/airflow/dags/dag4_conditional_workflow.py
[2026-01-08T19:37:49.055+0000] {processor.py:830} INFO - Processing file /opt/airflow/dags/dag4_conditional_workflow.py for tasks to queue
[2026-01-08T19:37:49.057+0000] {logging_mixin.py:188} INFO - [2026-01-08T19:37:49.056+0000] {dagbag.py:538} INFO - Filling up the DagBag from /opt/airflow/dags/dag4_conditional_workflow.py
[2026-01-08T19:37:49.091+0000] {logging_mixin.py:188} WARNING - /home/airflow/.local/lib/python3.8/site-packages/airflow/models/baseoperator.py:437 RemovedInAirflow3Warning: provide_context is deprecated as of 2.0 and is no longer required
[2026-01-08T19:37:49.101+0000] {processor.py:840} INFO - DAG(s) 'conditional_workflow_pipeline' retrieved from /opt/airflow/dags/dag4_conditional_workflow.py
[2026-01-08T19:37:49.158+0000] {logging_mixin.py:188} INFO - [2026-01-08T19:37:49.158+0000] {dag.py:3036} INFO - Sync 1 DAGs
[2026-01-08T19:37:49.184+0000] {logging_mixin.py:188} INFO - [2026-01-08T19:37:49.184+0000] {dag.py:3823} INFO - Setting next_dagrun for conditional_workflow_pipeline to 2026-01-08 00:00:00+00:00, run_after=2026-01-09 00:00:00+00:00
[2026-01-08T19:37:49.208+0000] {processor.py:183} INFO - Processing /opt/airflow/dags/dag4_conditional_workflow.py took 0.159 seconds
[2026-01-08T19:38:20.210+0000] {processor.py:161} INFO - Started process (PID=1021) to work on /opt/airflow/dags/dag4_conditional_workflow.py
[2026-01-08T19:38:20.211+0000] {processor.py:830} INFO - Processing file /opt/airflow/dags/dag4_conditional_workflow.py for tasks to queue
[2026-01-08T19:38:20.213+0000] {logging_mixin.py:188} INFO - [2026-01-08T19:38:20.212+0000] {dagbag.py:538} INFO - Filling up the DagBag from /opt/airflow/dags/dag4_conditional_workflow.py
[2026-01-08T19:38:20.243+0000] {logging_mixin.py:188} WARNING - /home/airflow/.local/lib/python3.8/site-packages/airflow/models/baseoperator.py:437 RemovedInAirflow3Warning: provide_context is deprecated as of 2.0 and is no longer required
[2026-01-08T19:38:20.251+0000] {processor.py:840} INFO - DAG(s) 'conditional_workflow_pipeline' retrieved from /opt/airflow/dags/dag4_conditional_workflow.py
[2026-01-08T19:38:20.284+0000] {logging_mixin.py:188} INFO - [2026-01-08T19:38:20.284+0000] {dag.py:3036} INFO - Sync 1 DAGs
[2026-01-08T19:38:20.309+0000] {logging_mixin.py:188} INFO - [2026-01-08T19:38:20.309+0000] {dag.py:3823} INFO - Setting next_dagrun for conditional_workflow_pipeline to 2026-01-08 00:00:00+00:00, run_after=2026-01-09 00:00:00+00:00
[2026-01-08T19:38:20.331+0000] {processor.py:183} INFO - Processing /opt/airflow/dags/dag4_conditional_workflow.py took 0.126 seconds
