[2026-01-08T19:17:15.177+0000] {taskinstance.py:1956} INFO - Dependencies all met for dep_context=non-requeueable deps ti=<TaskInstance: postgres_to_parquet_export.check_source_table_exists scheduled__2025-12-28T00:00:00+00:00 [queued]>
[2026-01-08T19:17:15.203+0000] {taskinstance.py:1956} INFO - Dependencies all met for dep_context=requeueable deps ti=<TaskInstance: postgres_to_parquet_export.check_source_table_exists scheduled__2025-12-28T00:00:00+00:00 [queued]>
[2026-01-08T19:17:15.204+0000] {taskinstance.py:2170} INFO - Starting attempt 1 of 1
[2026-01-08T19:17:15.239+0000] {taskinstance.py:2191} INFO - Executing <Task(PythonOperator): check_source_table_exists> on 2025-12-28 00:00:00+00:00
[2026-01-08T19:17:15.250+0000] {standard_task_runner.py:60} INFO - Started process 238 to run task
[2026-01-08T19:17:15.257+0000] {standard_task_runner.py:87} INFO - Running: ['***', 'tasks', 'run', 'postgres_to_parquet_export', 'check_source_table_exists', 'scheduled__2025-12-28T00:00:00+00:00', '--job-id', '18', '--raw', '--subdir', 'DAGS_FOLDER/dag3_postgres_to_parquet.py', '--cfg-path', '/tmp/tmp68k267m2']
[2026-01-08T19:17:15.266+0000] {standard_task_runner.py:88} INFO - Job 18: Subtask check_source_table_exists
[2026-01-08T19:17:15.350+0000] {task_command.py:423} INFO - Running <TaskInstance: postgres_to_parquet_export.check_source_table_exists scheduled__2025-12-28T00:00:00+00:00 [running]> on host e8f5ff3ed2ee
[2026-01-08T19:17:15.854+0000] {taskinstance.py:2480} INFO - Exporting env vars: AIRFLOW_CTX_DAG_OWNER='***' AIRFLOW_CTX_DAG_ID='postgres_to_parquet_export' AIRFLOW_CTX_TASK_ID='check_source_table_exists' AIRFLOW_CTX_EXECUTION_DATE='2025-12-28T00:00:00+00:00' AIRFLOW_CTX_TRY_NUMBER='1' AIRFLOW_CTX_DAG_RUN_ID='scheduled__2025-12-28T00:00:00+00:00'
[2026-01-08T19:17:15.856+0000] {crypto.py:82} WARNING - empty cryptography key - values will not be stored encrypted.
[2026-01-08T19:17:15.857+0000] {base.py:83} INFO - Using connection ID 'postgres_default' for task execution.
[2026-01-08T19:17:15.866+0000] {sql.py:450} INFO - Running statement: 
        SELECT COUNT(*)
        FROM information_schema.tables
        WHERE table_name = 'transformed_employee_data'
        , parameters: None
[2026-01-08T19:17:15.871+0000] {sql.py:459} INFO - Rows affected: 1
[2026-01-08T19:17:15.873+0000] {base.py:83} INFO - Using connection ID 'postgres_default' for task execution.
[2026-01-08T19:17:15.880+0000] {sql.py:450} INFO - Running statement: SELECT COUNT(*) FROM transformed_employee_data, parameters: None
[2026-01-08T19:17:15.884+0000] {sql.py:459} INFO - Rows affected: 1
[2026-01-08T19:17:15.885+0000] {python.py:201} INFO - Done. Returned value was: True
[2026-01-08T19:17:15.925+0000] {taskinstance.py:1138} INFO - Marking task as SUCCESS. dag_id=postgres_to_parquet_export, task_id=check_source_table_exists, execution_date=20251228T000000, start_date=20260108T191715, end_date=20260108T191715
[2026-01-08T19:17:15.998+0000] {local_task_job_runner.py:234} INFO - Task exited with return code 0
[2026-01-08T19:17:16.043+0000] {taskinstance.py:3280} INFO - 1 downstream tasks scheduled from follow-on schedule check
